≡ƒº¬ Starting Interview Report Generation Mock Test

============================================================

≡ƒô¥ Step 1: Creating Interview Session...
Γ£à Session Created: socratis-interview
   Question: Two Sum

≡ƒôñ Step 2: Submitting Code and Transcript...
Γ£à Code and Transcript Submitted

≡ƒôè Step 3: Verifying Report Generation...
Γ£à All required fields present
Γ£à All 6 dimension scores present
Γ£à All expected report sections present

============================================================
≡ƒôê REPORT SUMMARY
============================================================

≡ƒÄ» Overall Score: 9/10
Γ£ô  Correctness: PASS

≡ƒôè Dimension Scores:
   ≡ƒƒó PROBLEM SOLVING: 9/10
   ≡ƒƒó ALGORITHMIC THINKING: 10/10
   ≡ƒƒó CODE IMPLEMENTATION: 9/10
   ≡ƒƒó TESTING: 8/10
   ≡ƒƒó TIME MANAGEMENT: 9/10
   ≡ƒƒó COMMUNICATION: 9/10

≡ƒô¥ Feedback Preview (First 500 characters):
ΓöÇΓöÇΓöÇΓöÇΓöÇΓöÇΓöÇΓöÇΓöÇΓöÇΓöÇΓöÇΓöÇΓöÇΓöÇΓöÇΓöÇΓöÇΓöÇΓöÇΓöÇΓöÇΓöÇΓöÇΓöÇΓöÇΓöÇΓöÇΓöÇΓöÇΓöÇΓöÇΓöÇΓöÇΓöÇΓöÇΓöÇΓöÇΓöÇΓöÇΓöÇΓöÇΓöÇΓöÇΓöÇΓöÇΓöÇΓöÇΓöÇΓöÇΓöÇΓöÇΓöÇΓöÇΓöÇΓöÇΓöÇΓöÇΓöÇΓöÇ

### Summary
The candidate demonstrated a strong understanding of the Two Sum problem, providing a clear and efficient solution. They effectively communicated their thought process and implemented a well-structured code.

### Problem-Solving Approach
The candidate approached the problem by utilizing a hash map to store numbers and their indices, allowing for efficient lookups of complements. This approach was well-explained and demonstrated a clear understanding of the problem requirements.

###...
ΓöÇΓöÇΓöÇΓöÇΓöÇΓöÇΓöÇΓöÇΓöÇΓöÇΓöÇΓöÇΓöÇΓöÇΓöÇΓöÇΓöÇΓöÇΓöÇΓöÇΓöÇΓöÇΓöÇΓöÇΓöÇΓöÇΓöÇΓöÇΓöÇΓöÇΓöÇΓöÇΓöÇΓöÇΓöÇΓöÇΓöÇΓöÇΓöÇΓöÇΓöÇΓöÇΓöÇΓöÇΓöÇΓöÇΓöÇΓöÇΓöÇΓöÇΓöÇΓöÇΓöÇΓöÇΓöÇΓöÇΓöÇΓöÇΓöÇΓöÇ

≡ƒöì Step 4: Verifying Session Retrieval...
Γ£à Session data retrieved successfully
   Status: completed
   Code Length: 296 characters
   Transcript Messages: 8

============================================================
≡ƒÄë TEST COMPLETED SUCCESSFULLY!
============================================================

Γ£à All checks passed:
   ΓÇó Session created
   ΓÇó Code and transcript submitted
   ΓÇó Report generated with all required fields
   ΓÇó All dimension scores calculated
   ΓÇó Structured feedback markdown generated
   ΓÇó Session data persisted and retrievable

≡ƒôè Full Report Available at:
   http://localhost:3000/interview/socratis-interview/result

